Error in program.
First symbol of int is 0 (decimal) or 1 (binary), buf found: '2'
