Error in program.
Expect end function with words: 'end function', but found: 'end begin'
