Error in program.
Expect begin body with word: 'begin', but found: 'body'
