Error in program.
Expect end function with word: 'end', buf found: 'function'
