Error in program.
Expect begin body with words: 'begin body', buf found: 'begin var'
