Error in program.
Unexpected operator start: 'Hello'
