Error in program.
Expect begin one of those (only_if, if, while), buf found: 'begin only'
