Error in program.
Variable has name same as other variable: 'x'
