Error in program.
Expect legal number, buf found: '102a32'
