Error in program.
Expect syntax: 'change <name> = ...', but found: 'change x := ...'
