DFA {
  Alphabet 2: {b, b}
  States 2: {0, 1}
  Transpositions:
    between states 0 and 0: {}
    between states 0 and 1: {a, b}
    between states 1 and 0: {a, b}
    between states 1 and 1: {}
  Terminals 1: {0}
}
Graph is not DFA
Symbols alphabet is not unique
