Graph is not DFA
Incredible bad input:
alphabet_size < 0
