Graph is not DFA
Incredible bad input:
num_states < 0
